// Jest Snapshot v1, https://goo.gl/fbAQLP

exports[`Profile should render correctly 1`] = `
<div>
  CompLeap
</div>
`;
